#
# There is insufficient memory for the Java Runtime Environment to continue.
# Native memory allocation (malloc) failed to allocate 400256 bytes. Error detail: Chunk::new
# Possible reasons:
#   The system is out of physical RAM or swap space
#   This process is running with CompressedOops enabled, and the Java Heap may be blocking the growth of the native heap
# Possible solutions:
#   Reduce memory load on the system
#   Increase physical memory or swap space
#   Check if swap backing store is full
#   Decrease Java heap size (-Xmx/-Xms)
#   Decrease number of Java threads
#   Decrease Java thread stack sizes (-Xss)
#   Set larger code cache with -XX:ReservedCodeCacheSize=
#   JVM is running with Unscaled Compressed Oops mode in which the Java heap is
#     placed in the first 4GB address space. The Java Heap base address is the
#     maximum limit for the native heap growth. Please use -XX:HeapBaseMinAddress
#     to set the Java Heap base and to place the Java Heap above 4GB virtual address.
# This output file may be truncated or incomplete.
#
#  Out of Memory Error (arena.cpp:168), pid=14136, tid=9460
#
# JRE version: OpenJDK Runtime Environment Temurin-21.0.10+7 (21.0.10+7) (build 21.0.10+7-LTS)
# Java VM: OpenJDK 64-Bit Server VM Temurin-21.0.10+7 (21.0.10+7-LTS, mixed mode, sharing, tiered, compressed oops, compressed class ptrs, parallel gc, windows-amd64)
# No core dump will be written. Minidumps are not enabled by default on client versions of Windows
#

---------------  S U M M A R Y ------------

Command Line: --add-modules=ALL-SYSTEM --add-opens=java.base/java.util=ALL-UNNAMED --add-opens=java.base/java.lang=ALL-UNNAMED --add-opens=java.base/sun.nio.fs=ALL-UNNAMED -Declipse.application=org.eclipse.jdt.ls.core.id1 -Dosgi.bundles.defaultStartLevel=4 -Declipse.product=org.eclipse.jdt.ls.core.product -Djava.import.generatesMetadataFilesAtProjectRoot=false -DDetectVMInstallationsJob.disabled=true -Dfile.encoding=utf8 -XX:+UseParallelGC -XX:GCTimeRatio=4 -XX:AdaptiveSizePolicyWeight=90 -Dsun.zip.disableMemoryMapping=true -Xmx2G -Xms100m -Xlog:disable -javaagent:c:\Users\tanis\.vscode\extensions\redhat.java-1.53.0-win32-x64\lombok\lombok-1.18.39-4050.jar c:\Users\tanis\.vscode\extensions\redhat.java-1.53.0-win32-x64\server\plugins\org.eclipse.equinox.launcher_1.7.100.v20251111-0406.jar -configuration c:\Users\tanis\AppData\Roaming\Code\User\globalStorage\redhat.java\1.53.0\config_ss_win -data c:\Users\tanis\AppData\Roaming\Code\User\workspaceStorage\2d1ba6deccd1d1252f14a33c3abd44eb\redhat.java\ss_ws --pipe=\\.\pipe\lsp-a404a0a672a6d08c1a7ed1b42ae738cb-sock

Host: 13th Gen Intel(R) Core(TM) i5-1334U, 12 cores, 15G,  Windows 11 , 64 bit Build 26100 (10.0.26100.7705)
Time: Mon Mar 16 14:11:10 2026 India Standard Time elapsed time: 14.535894 seconds (0d 0h 0m 14s)

---------------  T H R E A D  ---------------

Current thread (0x000001b207d53040):  JavaThread "C2 CompilerThread1" daemon [_thread_in_native, id=9460, stack(0x0000008c95300000,0x0000008c95400000) (1024K)]


Current CompileTask:
C2:14535 3345       4       org.eclipse.osgi.internal.loader.ModuleClassLoader::toString (80 bytes)

Stack: [0x0000008c95300000,0x0000008c95400000]
Native frames: (J=compiled Java code, j=interpreted, Vv=VM code, C=native code)
V  [jvm.dll+0x6d7a39]
V  [jvm.dll+0x8b4b26]
V  [jvm.dll+0x8b70de]
V  [jvm.dll+0x8b77c3]
V  [jvm.dll+0x284346]
V  [jvm.dll+0xc66ed]
V  [jvm.dll+0xc6c31]
V  [jvm.dll+0x2fb29e]
V  [jvm.dll+0x5fe884]
V  [jvm.dll+0x255b17]
V  [jvm.dll+0x255edd]
V  [jvm.dll+0x24e500]
V  [jvm.dll+0x24ba42]
V  [jvm.dll+0x1cb34e]
V  [jvm.dll+0x25b85d]
V  [jvm.dll+0x259dea]
V  [jvm.dll+0x3f857e]
V  [jvm.dll+0x85f59d]
V  [jvm.dll+0x6d626d]
C  [ucrtbase.dll+0x37b0]
C  [KERNEL32.DLL+0x2e8d7]
C  [ntdll.dll+0x8c40c]


---------------  P R O C E S S  ---------------

Threads class SMR info:
_java_thread_list=0x000001b208d97830, length=38, elements={
0x000001b1a6e8d430, 0x000001b202554090, 0x000001b1bf51cc50, 0x000001b202558f70,
0x000001b20255bde0, 0x000001b20255dda0, 0x000001b202561ea0, 0x000001b202589130,
0x000001b20258f750, 0x000001b2027c29d0, 0x000001b2028e1070, 0x000001b207972f40,
0x000001b207985fb0, 0x000001b207986620, 0x000001b2028a9530, 0x000001b207bdf230,
0x000001b207aa82a0, 0x000001b2072bf130, 0x000001b207a1ca90, 0x000001b207d53040,
0x000001b207a1a9c0, 0x000001b207a1c400, 0x000001b207a19610, 0x000001b207a1b050,
0x000001b207a19ca0, 0x000001b207a1a330, 0x000001b207a1b6e0, 0x000001b207a1bd70,
0x000001b209366f60, 0x000001b209364800, 0x000001b209368310, 0x000001b209366240,
0x000001b2093668d0, 0x000001b2093675f0, 0x000001b209367c80, 0x000001b209364e90,
0x000001b209365520, 0x000001b209369030
}

Java Threads: ( => current thread )
  0x000001b1a6e8d430 JavaThread "main"                              [_thread_blocked, id=16604, stack(0x0000008c93400000,0x0000008c93500000) (1024K)]
  0x000001b202554090 JavaThread "Reference Handler"          daemon [_thread_blocked, id=30392, stack(0x0000008c93800000,0x0000008c93900000) (1024K)]
  0x000001b1bf51cc50 JavaThread "Finalizer"                  daemon [_thread_blocked, id=19580, stack(0x0000008c93900000,0x0000008c93a00000) (1024K)]
  0x000001b202558f70 JavaThread "Signal Dispatcher"          daemon [_thread_blocked, id=28196, stack(0x0000008c93a00000,0x0000008c93b00000) (1024K)]
  0x000001b20255bde0 JavaThread "Attach Listener"            daemon [_thread_blocked, id=29824, stack(0x0000008c93b00000,0x0000008c93c00000) (1024K)]
  0x000001b20255dda0 JavaThread "Service Thread"             daemon [_thread_blocked, id=24572, stack(0x0000008c93c00000,0x0000008c93d00000) (1024K)]
  0x000001b202561ea0 JavaThread "Monitor Deflation Thread"   daemon [_thread_blocked, id=23344, stack(0x0000008c93d00000,0x0000008c93e00000) (1024K)]
  0x000001b202589130 JavaThread "C2 CompilerThread0"         daemon [_thread_blocked, id=15336, stack(0x0000008c93e00000,0x0000008c93f00000) (1024K)]
  0x000001b20258f750 JavaThread "C1 CompilerThread0"         daemon [_thread_blocked, id=15696, stack(0x0000008c93f00000,0x0000008c94000000) (1024K)]
  0x000001b2027c29d0 JavaThread "Common-Cleaner"             daemon [_thread_blocked, id=30156, stack(0x0000008c94100000,0x0000008c94200000) (1024K)]
  0x000001b2028e1070 JavaThread "Notification Thread"        daemon [_thread_blocked, id=25524, stack(0x0000008c94300000,0x0000008c94400000) (1024K)]
  0x000001b207972f40 JavaThread "Active Thread: Equinox Container: aabe5891-9807-4033-9a87-67c0bdae471a"        [_thread_blocked, id=2360, stack(0x0000008c94a00000,0x0000008c94b00000) (1024K)]
  0x000001b207985fb0 JavaThread "Framework Event Dispatcher: Equinox Container: aabe5891-9807-4033-9a87-67c0bdae471a" daemon [_thread_blocked, id=5676, stack(0x0000008c94000000,0x0000008c94100000) (1024K)]
  0x000001b207986620 JavaThread "Start Level: Equinox Container: aabe5891-9807-4033-9a87-67c0bdae471a" daemon [_thread_blocked, id=30496, stack(0x0000008c94200000,0x0000008c94300000) (1024K)]
  0x000001b2028a9530 JavaThread "SCR Component Actor"        daemon [_thread_blocked, id=8584, stack(0x0000008c94c00000,0x0000008c94d00000) (1024K)]
  0x000001b207bdf230 JavaThread "Worker-JM"                         [_thread_blocked, id=16524, stack(0x0000008c94f00000,0x0000008c95000000) (1024K)]
  0x000001b207aa82a0 JavaThread "JNA Cleaner"                daemon [_thread_blocked, id=20024, stack(0x0000008c94d00000,0x0000008c94e00000) (1024K)]
  0x000001b2072bf130 JavaThread "Worker-0"                          [_thread_blocked, id=27464, stack(0x0000008c94e00000,0x0000008c94f00000) (1024K)]
  0x000001b207a1ca90 JavaThread "Worker-1"                          [_thread_blocked, id=18008, stack(0x0000008c95200000,0x0000008c95300000) (1024K)]
=>0x000001b207d53040 JavaThread "C2 CompilerThread1"         daemon [_thread_in_native, id=9460, stack(0x0000008c95300000,0x0000008c95400000) (1024K)]
  0x000001b207a1a9c0 JavaThread "Thread-1"                   daemon [_thread_in_native, id=29416, stack(0x0000008c95700000,0x0000008c95800000) (1024K)]
  0x000001b207a1c400 JavaThread "Thread-2"                   daemon [_thread_in_native, id=1076, stack(0x0000008c95800000,0x0000008c95900000) (1024K)]
  0x000001b207a19610 JavaThread "Thread-3"                   daemon [_thread_in_native, id=13628, stack(0x0000008c95900000,0x0000008c95a00000) (1024K)]
  0x000001b207a1b050 JavaThread "Thread-4"                   daemon [_thread_in_native, id=15544, stack(0x0000008c95a00000,0x0000008c95b00000) (1024K)]
  0x000001b207a19ca0 JavaThread "Thread-5"                   daemon [_thread_in_native, id=26948, stack(0x0000008c95b00000,0x0000008c95c00000) (1024K)]
  0x000001b207a1a330 JavaThread "Thread-6"                   daemon [_thread_in_native, id=4776, stack(0x0000008c95c00000,0x0000008c95d00000) (1024K)]
  0x000001b207a1b6e0 JavaThread "Thread-7"                   daemon [_thread_in_native, id=25268, stack(0x0000008c95d00000,0x0000008c95e00000) (1024K)]
  0x000001b207a1bd70 JavaThread "Thread-8"                   daemon [_thread_in_native, id=23408, stack(0x0000008c95e00000,0x0000008c95f00000) (1024K)]
  0x000001b209366f60 JavaThread "Thread-9"                   daemon [_thread_in_native, id=13608, stack(0x0000008c95f00000,0x0000008c96000000) (1024K)]
  0x000001b209364800 JavaThread "Thread-10"                  daemon [_thread_in_native, id=28420, stack(0x0000008c96000000,0x0000008c96100000) (1024K)]
  0x000001b209368310 JavaThread "Thread-11"                  daemon [_thread_in_native, id=10864, stack(0x0000008c96100000,0x0000008c96200000) (1024K)]
  0x000001b209366240 JavaThread "Thread-12"                  daemon [_thread_in_native, id=12052, stack(0x0000008c96200000,0x0000008c96300000) (1024K)]
  0x000001b2093668d0 JavaThread "Thread-13"                  daemon [_thread_in_native, id=24352, stack(0x0000008c96300000,0x0000008c96400000) (1024K)]
  0x000001b2093675f0 JavaThread "pool-2-thread-1"                   [_thread_blocked, id=21496, stack(0x0000008c96400000,0x0000008c96500000) (1024K)]
  0x000001b209367c80 JavaThread "Worker-2"                          [_thread_blocked, id=25924, stack(0x0000008c96500000,0x0000008c96600000) (1024K)]
  0x000001b209364e90 JavaThread "Worker-3"                          [_thread_blocked, id=28204, stack(0x0000008c95400000,0x0000008c95500000) (1024K)]
  0x000001b209365520 JavaThread "WorkspaceEventsHandler"            [_thread_blocked, id=18876, stack(0x0000008c96600000,0x0000008c96700000) (1024K)]
  0x000001b209369030 JavaThread "pool-1-thread-1"                   [_thread_in_vm, id=11800, stack(0x0000008c96700000,0x0000008c96800000) (1024K)]
Total: 38

Other Threads:
  0x000001b1bf5050d0 VMThread "VM Thread"                           [id=20400, stack(0x0000008c93700000,0x0000008c93800000) (1024K)]
  0x000001b1bf3fca00 WatcherThread "VM Periodic Task Thread"        [id=5972, stack(0x0000008c93600000,0x0000008c93700000) (1024K)]
  0x000001b1a6eac390 WorkerThread "GC Thread#0"                     [id=20504, stack(0x0000008c93500000,0x0000008c93600000) (1024K)]
  0x000001b207017650 WorkerThread "GC Thread#1"                     [id=28848, stack(0x0000008c94400000,0x0000008c94500000) (1024K)]
  0x000001b2074a4b40 WorkerThread "GC Thread#2"                     [id=13336, stack(0x0000008c94500000,0x0000008c94600000) (1024K)]
  0x000001b2074a4ef0 WorkerThread "GC Thread#3"                     [id=4520, stack(0x0000008c94600000,0x0000008c94700000) (1024K)]
  0x000001b2074a52a0 WorkerThread "GC Thread#4"                     [id=13604, stack(0x0000008c94700000,0x0000008c94800000) (1024K)]
  0x000001b2074a5650 WorkerThread "GC Thread#5"                     [id=16788, stack(0x0000008c94800000,0x0000008c94900000) (1024K)]
  0x000001b2074a5a00 WorkerThread "GC Thread#6"                     [id=13040, stack(0x0000008c94900000,0x0000008c94a00000) (1024K)]
  0x000001b2077c3ca0 WorkerThread "GC Thread#7"                     [id=12072, stack(0x0000008c94b00000,0x0000008c94c00000) (1024K)]
  0x000001b202891200 WorkerThread "GC Thread#8"                     [id=15136, stack(0x0000008c95000000,0x0000008c95100000) (1024K)]
  0x000001b2028705e0 WorkerThread "GC Thread#9"                     [id=27472, stack(0x0000008c95100000,0x0000008c95200000) (1024K)]
Total: 12

Threads with active compile tasks:
C2 CompilerThread1  14562 3345       4       org.eclipse.osgi.internal.loader.ModuleClassLoader::toString (80 bytes)
Total: 1

VM state: not at safepoint (normal execution)

VM Mutex/Monitor currently owned by a thread:  ([mutex/lock_event])
[0x00007fff79dec4e0] Metaspace_lock - owner thread: 0x000001b209369030

Heap address: 0x0000000080000000, size: 2048 MB, Compressed Oops mode: 32-bit

CDS archive(s) mapped at: [0x000001b1c0000000-0x000001b1c0ba0000-0x000001b1c0ba0000), size 12189696, SharedBaseAddress: 0x000001b1c0000000, ArchiveRelocationMode: 1.
Compressed class space mapped at: 0x000001b1c1000000-0x000001b201000000, reserved size: 1073741824
Narrow klass base: 0x000001b1c0000000, Narrow klass shift: 0, Narrow klass range: 0x100000000

GC Precious Log:
 CardTable entry size: 512
 CPUs: 12 total, 12 available
 Memory: 16027M
 Large Page Support: Disabled
 NUMA Support: Disabled
 Compressed Oops: Enabled (32-bit)
 Alignments: Space 512K, Generation 512K, Heap 2M
 Heap Min Capacity: 100M
 Heap Initial Capacity: 100M
 Heap Max Capacity: 2G
 Pre-touch: Disabled
 Parallel Workers: 10

Heap:
 PSYoungGen      total 26624K, used 21907K [0x00000000d5580000, 0x00000000d7700000, 0x0000000100000000)
  eden space 23040K, 79% used [0x00000000d5580000,0x00000000d6766fb0,0x00000000d6c00000)
  from space 3584K, 99% used [0x00000000d7100000,0x00000000d747e030,0x00000000d7480000)
  to   space 5120K, 0% used [0x00000000d6c00000,0x00000000d6c00000,0x00000000d7100000)
 ParOldGen       total 68608K, used 9851K [0x0000000080000000, 0x0000000084300000, 0x00000000d5580000)
  object space 68608K, 14% used [0x0000000080000000,0x000000008099ecf8,0x0000000084300000)
 Metaspace       used 29556K, committed 30336K, reserved 1114112K
  class space    used 2975K, committed 3328K, reserved 1048576K

Card table byte_map: [0x000001b1ba830000,0x000001b1bac40000] _byte_map_base: 0x000001b1ba430000

Marking Bits: (ParMarkBitMap*) 0x00007fff79df3450
 Begin Bits: [0x000001b1baef0000, 0x000001b1bcef0000)
 End Bits:   [0x000001b1bcef0000, 0x000001b1beef0000)

Polling page: 0x000001b1a68c0000

Metaspace:

Usage:
  Non-class:     25.96 MB used.
      Class:      2.91 MB used.
       Both:     28.86 MB used.

Virtual space:
  Non-class space:       64.00 MB reserved,      26.38 MB ( 41%) committed,  1 nodes.
      Class space:        1.00 GB reserved,       3.25 MB ( <1%) committed,  1 nodes.
             Both:        1.06 GB reserved,      29.62 MB (  3%) committed. 

Chunk freelists:
   Non-Class:  5.36 MB
       Class:  12.63 MB
        Both:  17.99 MB

MaxMetaspaceSize: unlimited
CompressedClassSpaceSize: 1.00 GB
Initial GC threshold: 21.00 MB
Current GC threshold: 35.00 MB
CDS: on
 - commit_granule_bytes: 65536.
 - commit_granule_words: 8192.
 - virtual_space_node_default_size: 8388608.
 - enlarge_chunks_in_place: 1.
 - use_allocation_guard: 0.


Internal statistics:

num_allocs_failed_limit: 3.
num_arena_births: 562.
num_arena_deaths: 14.
num_vsnodes_births: 2.
num_vsnodes_deaths: 0.
num_space_committed: 474.
num_space_uncommitted: 0.
num_chunks_returned_to_freelist: 17.
num_chunks_taken_from_freelist: 1734.
num_chunk_merges: 9.
num_chunk_splits: 1113.
num_chunks_enlarged: 698.
num_inconsistent_stats: 0.

CodeHeap 'non-profiled nmethods': size=120000Kb used=1656Kb max_used=1656Kb free=118343Kb
 bounds [0x000001b1b3120000, 0x000001b1b3390000, 0x000001b1ba650000]
CodeHeap 'profiled nmethods': size=120000Kb used=6666Kb max_used=6666Kb free=113333Kb
 bounds [0x000001b1ab650000, 0x000001b1abce0000, 0x000001b1b2b80000]
CodeHeap 'non-nmethods': size=5760Kb used=1338Kb max_used=1373Kb free=4421Kb
 bounds [0x000001b1b2b80000, 0x000001b1b2df0000, 0x000001b1b3120000]
CodeCache: size=245760Kb, used=9660Kb, max_used=9695Kb, free=236097Kb
 total_blobs=4046, nmethods=3411, adapters=540, full_count=0
Compilation: enabled, stopped_count=0, restarted_count=0

Compilation events (20 events):
Event: 14.527 Thread 0x000001b20258f750 nmethod 3375 0x000001b1abcb4c90 code [0x000001b1abcb4ee0, 0x000001b1abcb5598]
Event: 14.528 Thread 0x000001b20258f750 3379       3       java.lang.invoke.MethodHandles$Lookup::restrictProtectedReceiver (51 bytes)
Event: 14.529 Thread 0x000001b20258f750 nmethod 3379 0x000001b1abcb5890 code [0x000001b1abcb5a80, 0x000001b1abcb5f58]
Event: 14.529 Thread 0x000001b20258f750 3380       3       java.lang.Integer::hashCode (8 bytes)
Event: 14.529 Thread 0x000001b20258f750 nmethod 3380 0x000001b1abcb6110 code [0x000001b1abcb62c0, 0x000001b1abcb6428]
Event: 14.529 Thread 0x000001b20258f750 3381       3       java.lang.Integer::hashCode (2 bytes)
Event: 14.529 Thread 0x000001b20258f750 nmethod 3381 0x000001b1abcb6510 code [0x000001b1abcb66a0, 0x000001b1abcb6790]
Event: 14.529 Thread 0x000001b202589130 nmethod 3376 0x000001b1b32bc790 code [0x000001b1b32bc940, 0x000001b1b32bcab8]
Event: 14.529 Thread 0x000001b20258f750 3382       3       com.google.gson.stream.JsonReader::nextNonWhitespace (357 bytes)
Event: 14.529 Thread 0x000001b202589130 3377       4       jdk.internal.misc.VM::isJavaLangInvokeInited (4 bytes)
Event: 14.530 Thread 0x000001b202589130 nmethod 3377 0x000001b1b32bcc90 code [0x000001b1b32bce00, 0x000001b1b32bce70]
Event: 14.530 Thread 0x000001b202589130 3385       4       java.util.HashMap$EntryIterator::next (5 bytes)
Event: 14.531 Thread 0x000001b20258f750 nmethod 3382 0x000001b1abcb6810 code [0x000001b1abcb6b60, 0x000001b1abcb7c58]
Event: 14.531 Thread 0x000001b20258f750 3384       3       java.lang.invoke.ClassSpecializer$SpeciesData::transformHelper (56 bytes)
Event: 14.531 Thread 0x000001b20258f750 nmethod 3384 0x000001b1abcb8310 code [0x000001b1abcb8540, 0x000001b1abcb8cf0]
Event: 14.531 Thread 0x000001b20258f750 3383       3       java.lang.reflect.Modifier::isAbstract (14 bytes)
Event: 14.531 Thread 0x000001b20258f750 nmethod 3383 0x000001b1abcb8f90 code [0x000001b1abcb9120, 0x000001b1abcb9268]
Event: 14.532 Thread 0x000001b20258f750 3386       3       com.google.gson.stream.JsonReader::doPeek (785 bytes)
Event: 14.534 Thread 0x000001b20258f750 nmethod 3386 0x000001b1abcb9310 code [0x000001b1abcb97e0, 0x000001b1abcbb268]
Event: 14.534 Thread 0x000001b20258f750 3387   !   3       java.util.concurrent.ConcurrentHashMap::transfer (849 bytes)

GC Heap History (18 events):
Event: 0.951 GC heap before
{Heap before GC invocations=1 (full 0):
 PSYoungGen      total 29696K, used 25600K [0x00000000d5580000, 0x00000000d7680000, 0x0000000100000000)
  eden space 25600K, 100% used [0x00000000d5580000,0x00000000d6e80000,0x00000000d6e80000)
  from space 4096K, 0% used [0x00000000d7280000,0x00000000d7280000,0x00000000d7680000)
  to   space 4096K, 0% used [0x00000000d6e80000,0x00000000d6e80000,0x00000000d7280000)
 ParOldGen       total 68608K, used 0K [0x0000000080000000, 0x0000000084300000, 0x00000000d5580000)
  object space 68608K, 0% used [0x0000000080000000,0x0000000080000000,0x0000000084300000)
 Metaspace       used 4343K, committed 4544K, reserved 1114112K
  class space    used 474K, committed 576K, reserved 1048576K
}
Event: 0.957 GC heap after
{Heap after GC invocations=1 (full 0):
 PSYoungGen      total 29696K, used 3255K [0x00000000d5580000, 0x00000000d7680000, 0x0000000100000000)
  eden space 25600K, 0% used [0x00000000d5580000,0x00000000d5580000,0x00000000d6e80000)
  from space 4096K, 79% used [0x00000000d6e80000,0x00000000d71adea8,0x00000000d7280000)
  to   space 4096K, 0% used [0x00000000d7280000,0x00000000d7280000,0x00000000d7680000)
 ParOldGen       total 68608K, used 16K [0x0000000080000000, 0x0000000084300000, 0x00000000d5580000)
  object space 68608K, 0% used [0x0000000080000000,0x0000000080004000,0x0000000084300000)
 Metaspace       used 4343K, committed 4544K, reserved 1114112K
  class space    used 474K, committed 576K, reserved 1048576K
}
Event: 11.786 GC heap before
{Heap before GC invocations=2 (full 0):
 PSYoungGen      total 29696K, used 28855K [0x00000000d5580000, 0x00000000d7680000, 0x0000000100000000)
  eden space 25600K, 100% used [0x00000000d5580000,0x00000000d6e80000,0x00000000d6e80000)
  from space 4096K, 79% used [0x00000000d6e80000,0x00000000d71adea8,0x00000000d7280000)
  to   space 4096K, 0% used [0x00000000d7280000,0x00000000d7280000,0x00000000d7680000)
 ParOldGen       total 68608K, used 16K [0x0000000080000000, 0x0000000084300000, 0x00000000d5580000)
  object space 68608K, 0% used [0x0000000080000000,0x0000000080004000,0x0000000084300000)
 Metaspace       used 8124K, committed 8384K, reserved 1114112K
  class space    used 862K, committed 960K, reserved 1048576K
}
Event: 11.791 GC heap after
{Heap after GC invocations=2 (full 0):
 PSYoungGen      total 29696K, used 4091K [0x00000000d5580000, 0x00000000d7680000, 0x0000000100000000)
  eden space 25600K, 0% used [0x00000000d5580000,0x00000000d5580000,0x00000000d6e80000)
  from space 4096K, 99% used [0x00000000d7280000,0x00000000d767efe8,0x00000000d7680000)
  to   space 4096K, 0% used [0x00000000d6e80000,0x00000000d6e80000,0x00000000d7280000)
 ParOldGen       total 68608K, used 1123K [0x0000000080000000, 0x0000000084300000, 0x00000000d5580000)
  object space 68608K, 1% used [0x0000000080000000,0x0000000080118e38,0x0000000084300000)
 Metaspace       used 8124K, committed 8384K, reserved 1114112K
  class space    used 862K, committed 960K, reserved 1048576K
}
Event: 12.371 GC heap before
{Heap before GC invocations=3 (full 0):
 PSYoungGen      total 29696K, used 29691K [0x00000000d5580000, 0x00000000d7680000, 0x0000000100000000)
  eden space 25600K, 99% used [0x00000000d5580000,0x00000000d6e7fff8,0x00000000d6e80000)
  from space 4096K, 99% used [0x00000000d7280000,0x00000000d767efe8,0x00000000d7680000)
  to   space 4096K, 0% used [0x00000000d6e80000,0x00000000d6e80000,0x00000000d7280000)
 ParOldGen       total 68608K, used 1123K [0x0000000080000000, 0x0000000084300000, 0x00000000d5580000)
  object space 68608K, 1% used [0x0000000080000000,0x0000000080118e38,0x0000000084300000)
 Metaspace       used 12965K, committed 13568K, reserved 1114112K
  class space    used 1374K, committed 1664K, reserved 1048576K
}
Event: 12.376 GC heap after
{Heap after GC invocations=3 (full 0):
 PSYoungGen      total 29696K, used 4064K [0x00000000d5580000, 0x00000000d7680000, 0x0000000100000000)
  eden space 25600K, 0% used [0x00000000d5580000,0x00000000d5580000,0x00000000d6e80000)
  from space 4096K, 99% used [0x00000000d6e80000,0x00000000d72781a0,0x00000000d7280000)
  to   space 4096K, 0% used [0x00000000d7280000,0x00000000d7280000,0x00000000d7680000)
 ParOldGen       total 68608K, used 2912K [0x0000000080000000, 0x0000000084300000, 0x00000000d5580000)
  object space 68608K, 4% used [0x0000000080000000,0x00000000802d83f8,0x0000000084300000)
 Metaspace       used 12965K, committed 13568K, reserved 1114112K
  class space    used 1374K, committed 1664K, reserved 1048576K
}
Event: 13.118 GC heap before
{Heap before GC invocations=4 (full 0):
 PSYoungGen      total 29696K, used 29664K [0x00000000d5580000, 0x00000000d7680000, 0x0000000100000000)
  eden space 25600K, 100% used [0x00000000d5580000,0x00000000d6e80000,0x00000000d6e80000)
  from space 4096K, 99% used [0x00000000d6e80000,0x00000000d72781a0,0x00000000d7280000)
  to   space 4096K, 0% used [0x00000000d7280000,0x00000000d7280000,0x00000000d7680000)
 ParOldGen       total 68608K, used 2912K [0x0000000080000000, 0x0000000084300000, 0x00000000d5580000)
  object space 68608K, 4% used [0x0000000080000000,0x00000000802d83f8,0x0000000084300000)
 Metaspace       used 17214K, committed 17920K, reserved 1114112K
  class space    used 1808K, committed 2112K, reserved 1048576K
}
Event: 13.123 GC heap after
{Heap after GC invocations=4 (full 0):
 PSYoungGen      total 29696K, used 4087K [0x00000000d5580000, 0x00000000d7680000, 0x0000000100000000)
  eden space 25600K, 0% used [0x00000000d5580000,0x00000000d5580000,0x00000000d6e80000)
  from space 4096K, 99% used [0x00000000d7280000,0x00000000d767dcc0,0x00000000d7680000)
  to   space 4096K, 0% used [0x00000000d6e80000,0x00000000d6e80000,0x00000000d7280000)
 ParOldGen       total 68608K, used 4611K [0x0000000080000000, 0x0000000084300000, 0x00000000d5580000)
  object space 68608K, 6% used [0x0000000080000000,0x0000000080480f38,0x0000000084300000)
 Metaspace       used 17214K, committed 17920K, reserved 1114112K
  class space    used 1808K, committed 2112K, reserved 1048576K
}
Event: 13.366 GC heap before
{Heap before GC invocations=5 (full 0):
 PSYoungGen      total 29696K, used 29687K [0x00000000d5580000, 0x00000000d7680000, 0x0000000100000000)
  eden space 25600K, 100% used [0x00000000d5580000,0x00000000d6e80000,0x00000000d6e80000)
  from space 4096K, 99% used [0x00000000d7280000,0x00000000d767dcc0,0x00000000d7680000)
  to   space 4096K, 0% used [0x00000000d6e80000,0x00000000d6e80000,0x00000000d7280000)
 ParOldGen       total 68608K, used 4611K [0x0000000080000000, 0x0000000084300000, 0x00000000d5580000)
  object space 68608K, 6% used [0x0000000080000000,0x0000000080480f38,0x0000000084300000)
 Metaspace       used 20449K, committed 21120K, reserved 1114112K
  class space    used 2035K, committed 2368K, reserved 1048576K
}
Event: 13.369 GC heap after
{Heap after GC invocations=5 (full 0):
 PSYoungGen      total 29184K, used 4093K [0x00000000d5580000, 0x00000000d7800000, 0x0000000100000000)
  eden space 25088K, 0% used [0x00000000d5580000,0x00000000d5580000,0x00000000d6e00000)
  from space 4096K, 99% used [0x00000000d6e80000,0x00000000d727f568,0x00000000d7280000)
  to   space 5120K, 0% used [0x00000000d7300000,0x00000000d7300000,0x00000000d7800000)
 ParOldGen       total 68608K, used 4867K [0x0000000080000000, 0x0000000084300000, 0x00000000d5580000)
  object space 68608K, 7% used [0x0000000080000000,0x00000000804c0f48,0x0000000084300000)
 Metaspace       used 20449K, committed 21120K, reserved 1114112K
  class space    used 2035K, committed 2368K, reserved 1048576K
}
Event: 13.394 GC heap before
{Heap before GC invocations=6 (full 0):
 PSYoungGen      total 29184K, used 9096K [0x00000000d5580000, 0x00000000d7800000, 0x0000000100000000)
  eden space 25088K, 19% used [0x00000000d5580000,0x00000000d5a62d90,0x00000000d6e00000)
  from space 4096K, 99% used [0x00000000d6e80000,0x00000000d727f568,0x00000000d7280000)
  to   space 5120K, 0% used [0x00000000d7300000,0x00000000d7300000,0x00000000d7800000)
 ParOldGen       total 68608K, used 4867K [0x0000000080000000, 0x0000000084300000, 0x00000000d5580000)
  object space 68608K, 7% used [0x0000000080000000,0x00000000804c0f48,0x0000000084300000)
 Metaspace       used 20866K, committed 21504K, reserved 1114112K
  class space    used 2056K, committed 2368K, reserved 1048576K
}
Event: 13.396 GC heap after
{Heap after GC invocations=6 (full 0):
 PSYoungGen      total 30208K, used 4803K [0x00000000d5580000, 0x00000000d7800000, 0x0000000100000000)
  eden space 25088K, 0% used [0x00000000d5580000,0x00000000d5580000,0x00000000d6e00000)
  from space 5120K, 93% used [0x00000000d7300000,0x00000000d77b0e38,0x00000000d7800000)
  to   space 5120K, 0% used [0x00000000d6e00000,0x00000000d6e00000,0x00000000d7300000)
 ParOldGen       total 68608K, used 4867K [0x0000000080000000, 0x0000000084300000, 0x00000000d5580000)
  object space 68608K, 7% used [0x0000000080000000,0x00000000804c0f48,0x0000000084300000)
 Metaspace       used 20866K, committed 21504K, reserved 1114112K
  class space    used 2056K, committed 2368K, reserved 1048576K
}
Event: 13.396 GC heap before
{Heap before GC invocations=7 (full 1):
 PSYoungGen      total 30208K, used 4803K [0x00000000d5580000, 0x00000000d7800000, 0x0000000100000000)
  eden space 25088K, 0% used [0x00000000d5580000,0x00000000d5580000,0x00000000d6e00000)
  from space 5120K, 93% used [0x00000000d7300000,0x00000000d77b0e38,0x00000000d7800000)
  to   space 5120K, 0% used [0x00000000d6e00000,0x00000000d6e00000,0x00000000d7300000)
 ParOldGen       total 68608K, used 4867K [0x0000000080000000, 0x0000000084300000, 0x00000000d5580000)
  object space 68608K, 7% used [0x0000000080000000,0x00000000804c0f48,0x0000000084300000)
 Metaspace       used 20866K, committed 21504K, reserved 1114112K
  class space    used 2056K, committed 2368K, reserved 1048576K
}
Event: 13.415 GC heap after
{Heap after GC invocations=7 (full 1):
 PSYoungGen      total 30208K, used 0K [0x00000000d5580000, 0x00000000d7800000, 0x0000000100000000)
  eden space 25088K, 0% used [0x00000000d5580000,0x00000000d5580000,0x00000000d6e00000)
  from space 5120K, 0% used [0x00000000d7300000,0x00000000d7300000,0x00000000d7800000)
  to   space 5120K, 0% used [0x00000000d6e00000,0x00000000d6e00000,0x00000000d7300000)
 ParOldGen       total 68608K, used 8821K [0x0000000080000000, 0x0000000084300000, 0x00000000d5580000)
  object space 68608K, 12% used [0x0000000080000000,0x000000008089d7e8,0x0000000084300000)
 Metaspace       used 20853K, committed 21504K, reserved 1114112K
  class space    used 2053K, committed 2368K, reserved 1048576K
}
Event: 13.762 GC heap before
{Heap before GC invocations=8 (full 1):
 PSYoungGen      total 30208K, used 25088K [0x00000000d5580000, 0x00000000d7800000, 0x0000000100000000)
  eden space 25088K, 100% used [0x00000000d5580000,0x00000000d6e00000,0x00000000d6e00000)
  from space 5120K, 0% used [0x00000000d7300000,0x00000000d7300000,0x00000000d7800000)
  to   space 5120K, 0% used [0x00000000d6e00000,0x00000000d6e00000,0x00000000d7300000)
 ParOldGen       total 68608K, used 8821K [0x0000000080000000, 0x0000000084300000, 0x00000000d5580000)
  object space 68608K, 12% used [0x0000000080000000,0x000000008089d7e8,0x0000000084300000)
 Metaspace       used 23012K, committed 23744K, reserved 1114112K
  class space    used 2235K, committed 2560K, reserved 1048576K
}
Event: 13.764 GC heap after
{Heap after GC invocations=8 (full 1):
 PSYoungGen      total 27136K, used 2451K [0x00000000d5580000, 0x00000000d7480000, 0x0000000100000000)
  eden space 24576K, 0% used [0x00000000d5580000,0x00000000d5580000,0x00000000d6d80000)
  from space 2560K, 95% used [0x00000000d6e00000,0x00000000d7064ed0,0x00000000d7080000)
  to   space 3584K, 0% used [0x00000000d7100000,0x00000000d7100000,0x00000000d7480000)
 ParOldGen       total 68608K, used 8829K [0x0000000080000000, 0x0000000084300000, 0x00000000d5580000)
  object space 68608K, 12% used [0x0000000080000000,0x000000008089f7e8,0x0000000084300000)
 Metaspace       used 23012K, committed 23744K, reserved 1114112K
  class space    used 2235K, committed 2560K, reserved 1048576K
}
Event: 14.231 GC heap before
{Heap before GC invocations=9 (full 1):
 PSYoungGen      total 27136K, used 27027K [0x00000000d5580000, 0x00000000d7480000, 0x0000000100000000)
  eden space 24576K, 100% used [0x00000000d5580000,0x00000000d6d80000,0x00000000d6d80000)
  from space 2560K, 95% used [0x00000000d6e00000,0x00000000d7064ed0,0x00000000d7080000)
  to   space 3584K, 0% used [0x00000000d7100000,0x00000000d7100000,0x00000000d7480000)
 ParOldGen       total 68608K, used 8829K [0x0000000080000000, 0x0000000084300000, 0x00000000d5580000)
  object space 68608K, 12% used [0x0000000080000000,0x000000008089f7e8,0x0000000084300000)
 Metaspace       used 26614K, committed 27456K, reserved 1114112K
  class space    used 2629K, committed 3008K, reserved 1048576K
}
Event: 14.234 GC heap after
{Heap after GC invocations=9 (full 1):
 PSYoungGen      total 26624K, used 3576K [0x00000000d5580000, 0x00000000d7700000, 0x0000000100000000)
  eden space 23040K, 0% used [0x00000000d5580000,0x00000000d5580000,0x00000000d6c00000)
  from space 3584K, 99% used [0x00000000d7100000,0x00000000d747e030,0x00000000d7480000)
  to   space 5120K, 0% used [0x00000000d6c00000,0x00000000d6c00000,0x00000000d7100000)
 ParOldGen       total 68608K, used 9851K [0x0000000080000000, 0x0000000084300000, 0x00000000d5580000)
  object space 68608K, 14% used [0x0000000080000000,0x000000008099ecf8,0x0000000084300000)
 Metaspace       used 26614K, committed 27456K, reserved 1114112K
  class space    used 2629K, committed 3008K, reserved 1048576K
}

Dll operation events (10 events):
Event: 0.069 Loaded shared library c:\Users\tanis\.vscode\extensions\redhat.java-1.53.0-win32-x64\jre\21.0.10-win32-x86_64\bin\java.dll
Event: 0.135 Loaded shared library c:\Users\tanis\.vscode\extensions\redhat.java-1.53.0-win32-x64\jre\21.0.10-win32-x86_64\bin\zip.dll
Event: 0.153 Loaded shared library C:\Users\tanis\.vscode\extensions\redhat.java-1.53.0-win32-x64\jre\21.0.10-win32-x86_64\bin\instrument.dll
Event: 0.216 Loaded shared library C:\Users\tanis\.vscode\extensions\redhat.java-1.53.0-win32-x64\jre\21.0.10-win32-x86_64\bin\net.dll
Event: 0.266 Loaded shared library C:\Users\tanis\.vscode\extensions\redhat.java-1.53.0-win32-x64\jre\21.0.10-win32-x86_64\bin\nio.dll
Event: 0.270 Loaded shared library C:\Users\tanis\.vscode\extensions\redhat.java-1.53.0-win32-x64\jre\21.0.10-win32-x86_64\bin\zip.dll
Event: 0.289 Loaded shared library C:\Users\tanis\.vscode\extensions\redhat.java-1.53.0-win32-x64\jre\21.0.10-win32-x86_64\bin\jimage.dll
Event: 0.395 Loaded shared library c:\Users\tanis\.vscode\extensions\redhat.java-1.53.0-win32-x64\jre\21.0.10-win32-x86_64\bin\verify.dll
Event: 11.849 Loaded shared library C:\Users\tanis\AppData\Roaming\Code\User\globalStorage\redhat.java\1.53.0\config_ss_win\org.eclipse.equinox.launcher\org.eclipse.equinox.launcher.win32.win32.x86_64_1.3.0.v20260203-2149\eclipse_11919.dll
Event: 12.891 Loaded shared library C:\Users\tanis\AppData\Local\Temp\jna-110127243\jna9384403243048984138.dll

Deoptimization events (20 events):
Event: 14.437 Thread 0x000001b1a6e8d430 Uncommon trap: trap_request=0xffffff45 fr.pc=0x000001b1b326be28 relative=0x00000000000000e8
Event: 14.437 Thread 0x000001b1a6e8d430 Uncommon trap: reason=unstable_if action=reinterpret pc=0x000001b1b326be28 method=java.lang.CharacterDataLatin1.digit(II)I @ 7 c2
Event: 14.437 Thread 0x000001b1a6e8d430 DEOPT PACKING pc=0x000001b1b326be28 sp=0x0000008c934fe540
Event: 14.437 Thread 0x000001b1a6e8d430 DEOPT UNPACKING pc=0x000001b1b2bd3aa2 sp=0x0000008c934fe400 mode 2
Event: 14.437 Thread 0x000001b1a6e8d430 Uncommon trap: trap_request=0xffffff45 fr.pc=0x000001b1b315d448 relative=0x00000000000000a8
Event: 14.437 Thread 0x000001b1a6e8d430 Uncommon trap: reason=unstable_if action=reinterpret pc=0x000001b1b315d448 method=java.lang.CharacterDataLatin1.digit(II)I @ 7 c2
Event: 14.437 Thread 0x000001b1a6e8d430 DEOPT PACKING pc=0x000001b1b315d448 sp=0x0000008c934fe4a0
Event: 14.437 Thread 0x000001b1a6e8d430 DEOPT UNPACKING pc=0x000001b1b2bd3aa2 sp=0x0000008c934fe420 mode 2
Event: 14.441 Thread 0x000001b1a6e8d430 Uncommon trap: trap_request=0xffffff76 fr.pc=0x000001b1b327b3b0 relative=0x0000000000000970
Event: 14.441 Thread 0x000001b1a6e8d430 Uncommon trap: reason=predicate action=maybe_recompile pc=0x000001b1b327b3b0 method=java.util.TreeMap.put(Ljava/lang/Object;Ljava/lang/Object;Z)Ljava/lang/Object; @ 27 c2
Event: 14.441 Thread 0x000001b1a6e8d430 DEOPT PACKING pc=0x000001b1b327b3b0 sp=0x0000008c934fe170
Event: 14.441 Thread 0x000001b1a6e8d430 DEOPT UNPACKING pc=0x000001b1b2bd3aa2 sp=0x0000008c934fe130 mode 2
Event: 14.463 Thread 0x000001b1a6e8d430 Uncommon trap: trap_request=0xffffff45 fr.pc=0x000001b1b3156044 relative=0x00000000000002a4
Event: 14.463 Thread 0x000001b1a6e8d430 Uncommon trap: reason=unstable_if action=reinterpret pc=0x000001b1b3156044 method=java.util.HashMap$HashIterator.<init>(Ljava/util/HashMap;)V @ 45 c2
Event: 14.463 Thread 0x000001b1a6e8d430 DEOPT PACKING pc=0x000001b1b3156044 sp=0x0000008c934fe630
Event: 14.463 Thread 0x000001b1a6e8d430 DEOPT UNPACKING pc=0x000001b1b2bd3aa2 sp=0x0000008c934fe5c8 mode 2
Event: 14.533 Thread 0x000001b209369030 Uncommon trap: trap_request=0xffffff45 fr.pc=0x000001b1b322402c relative=0x0000000000000bac
Event: 14.533 Thread 0x000001b209369030 Uncommon trap: reason=unstable_if action=reinterpret pc=0x000001b1b322402c method=java.util.concurrent.ConcurrentHashMap.transfer([Ljava/util/concurrent/ConcurrentHashMap$Node;[Ljava/util/concurrent/ConcurrentHashMap$Node;)V @ 26 c2
Event: 14.533 Thread 0x000001b209369030 DEOPT PACKING pc=0x000001b1b322402c sp=0x0000008c967fdbf0
Event: 14.533 Thread 0x000001b209369030 DEOPT UNPACKING pc=0x000001b1b2bd3aa2 sp=0x0000008c967fdb50 mode 2

Classes loaded (20 events):
Event: 14.437 Loading class java/text/CalendarBuilder
Event: 14.437 Loading class java/text/CalendarBuilder done
Event: 14.438 Loading class sun/util/locale/provider/CalendarDataUtility$CalendarFieldValueNamesMapGetter
Event: 14.438 Loading class sun/util/locale/provider/CalendarDataUtility$CalendarFieldValueNamesMapGetter done
Event: 14.438 Loading class sun/util/cldr/CLDRCalendarNameProviderImpl
Event: 14.438 Loading class sun/util/locale/provider/CalendarNameProviderImpl
Event: 14.439 Loading class sun/util/locale/provider/CalendarNameProviderImpl done
Event: 14.439 Loading class sun/util/cldr/CLDRCalendarNameProviderImpl done
Event: 14.440 Loading class sun/util/locale/provider/CalendarNameProviderImpl$LengthBasedComparator
Event: 14.440 Loading class sun/util/locale/provider/CalendarNameProviderImpl$LengthBasedComparator done
Event: 14.459 Loading class java/io/PrintWriter$1
Event: 14.459 Loading class jdk/internal/access/JavaIOPrintWriterAccess
Event: 14.459 Loading class jdk/internal/access/JavaIOPrintWriterAccess done
Event: 14.459 Loading class java/io/PrintWriter$1 done
Event: 14.461 Loading class java/time/format/DateTimeParseContext
Event: 14.462 Loading class java/time/format/DateTimeParseContext done
Event: 14.462 Loading class java/time/format/Parsed
Event: 14.462 Loading class java/time/format/Parsed done
Event: 14.478 Loading class sun/reflect/generics/repository/FieldRepository
Event: 14.479 Loading class sun/reflect/generics/repository/FieldRepository done

Classes unloaded (7 events):
Event: 13.401 Thread 0x000001b1bf5050d0 Unloading class 0x000001b1c1194c00 'java/lang/invoke/LambdaForm$MH+0x000001b1c1194c00'
Event: 13.401 Thread 0x000001b1bf5050d0 Unloading class 0x000001b1c1194800 'java/lang/invoke/LambdaForm$MH+0x000001b1c1194800'
Event: 13.401 Thread 0x000001b1bf5050d0 Unloading class 0x000001b1c1194400 'java/lang/invoke/LambdaForm$MH+0x000001b1c1194400'
Event: 13.401 Thread 0x000001b1bf5050d0 Unloading class 0x000001b1c1194000 'java/lang/invoke/LambdaForm$MH+0x000001b1c1194000'
Event: 13.401 Thread 0x000001b1bf5050d0 Unloading class 0x000001b1c1193c00 'java/lang/invoke/LambdaForm$BMH+0x000001b1c1193c00'
Event: 13.401 Thread 0x000001b1bf5050d0 Unloading class 0x000001b1c1193800 'java/lang/invoke/LambdaForm$DMH+0x000001b1c1193800'
Event: 13.401 Thread 0x000001b1bf5050d0 Unloading class 0x000001b1c1192400 'java/lang/invoke/LambdaForm$DMH+0x000001b1c1192400'

Classes redefined (0 events):
No events

Internal exceptions (20 events):
Event: 14.245 Thread 0x000001b2072bf130 Exception <a 'sun/nio/fs/WindowsException'{0x00000000d5631448}> (0x00000000d5631448) 
thrown [s\src\hotspot\share\prims\jni.cpp, line 520]
Event: 14.246 Thread 0x000001b2072bf130 Exception <a 'sun/nio/fs/WindowsException'{0x00000000d5646160}> (0x00000000d5646160) 
thrown [s\src\hotspot\share\prims\jni.cpp, line 520]
Event: 14.246 Thread 0x000001b2072bf130 Exception <a 'sun/nio/fs/WindowsException'{0x00000000d5647720}> (0x00000000d5647720) 
thrown [s\src\hotspot\share\prims\jni.cpp, line 520]
Event: 14.247 Thread 0x000001b2072bf130 Exception <a 'sun/nio/fs/WindowsException'{0x00000000d5647d50}> (0x00000000d5647d50) 
thrown [s\src\hotspot\share\prims\jni.cpp, line 520]
Event: 14.247 Thread 0x000001b2072bf130 Exception <a 'sun/nio/fs/WindowsException'{0x00000000d5648670}> (0x00000000d5648670) 
thrown [s\src\hotspot\share\prims\jni.cpp, line 520]
Event: 14.247 Thread 0x000001b2072bf130 Exception <a 'sun/nio/fs/WindowsException'{0x00000000d5648ca0}> (0x00000000d5648ca0) 
thrown [s\src\hotspot\share\prims\jni.cpp, line 520]
Event: 14.247 Thread 0x000001b2072bf130 Exception <a 'sun/nio/fs/WindowsException'{0x00000000d5649620}> (0x00000000d5649620) 
thrown [s\src\hotspot\share\prims\jni.cpp, line 520]
Event: 14.247 Thread 0x000001b2072bf130 Exception <a 'sun/nio/fs/WindowsException'{0x00000000d5649c50}> (0x00000000d5649c50) 
thrown [s\src\hotspot\share\prims\jni.cpp, line 520]
Event: 14.248 Thread 0x000001b2072bf130 Exception <a 'sun/nio/fs/WindowsException'{0x00000000d564b110}> (0x00000000d564b110) 
thrown [s\src\hotspot\share\prims\jni.cpp, line 520]
Event: 14.248 Thread 0x000001b2072bf130 Exception <a 'sun/nio/fs/WindowsException'{0x00000000d564b740}> (0x00000000d564b740) 
thrown [s\src\hotspot\share\prims\jni.cpp, line 520]
Event: 14.250 Thread 0x000001b2072bf130 Exception <a 'java/lang/NoSuchMethodError'{0x00000000d56c4808}: 'void java.lang.invoke.DirectMethodHandle$Holder.invokeVirtual(java.lang.Object, java.lang.Object, java.lang.Object, java.lang.Object)'> (0x00000000d56c4808) 
thrown [s\src\hotspot\share\interpreter\linkResolver.cpp, line 773]
Event: 14.385 Thread 0x000001b2072bf130 Exception <a 'java/io/FileNotFoundException'{0x00000000d5fcc0a8}> (0x00000000d5fcc0a8) 
thrown [s\src\hotspot\share\prims\jni.cpp, line 520]
Event: 14.386 Thread 0x000001b2072bf130 Exception <a 'java/io/FileNotFoundException'{0x00000000d5fcd658}> (0x00000000d5fcd658) 
thrown [s\src\hotspot\share\prims\jni.cpp, line 520]
Event: 14.387 Thread 0x000001b2072bf130 Exception <a 'java/lang/NoSuchMethodError'{0x00000000d5fef600}: 'java.lang.Object java.lang.invoke.DirectMethodHandle$Holder.newInvokeSpecial(java.lang.Object, java.lang.Object, java.lang.Object, int)'> (0x00000000d5fef600) 
thrown [s\src\hotspot\share\interpreter\linkResolver.cpp, line 773]
Event: 14.388 Thread 0x000001b2072bf130 Exception <a 'java/lang/NoSuchMethodError'{0x00000000d5ff31d8}: 'java.lang.Object java.lang.invoke.DirectMethodHandle$Holder.invokeSpecial(java.lang.Object, java.lang.Object, java.lang.Object, java.lang.Object, int)'> (0x00000000d5ff31d8) 
thrown [s\src\hotspot\share\interpreter\linkResolver.cpp, line 773]
Event: 14.388 Thread 0x000001b2072bf130 Exception <a 'java/lang/NoSuchMethodError'{0x00000000d5ff68b8}: 'java.lang.Object java.lang.invoke.Invokers$Holder.linkToTargetMethod(java.lang.Object, java.lang.Object, int, java.lang.Object)'> (0x00000000d5ff68b8) 
thrown [s\src\hotspot\share\interpreter\linkResolver.cpp, line 773]
Event: 14.390 Thread 0x000001b2072bf130 Exception <a 'java/lang/NoSuchMethodError'{0x00000000d602ade0}: 'void java.lang.invoke.DirectMethodHandle$Holder.invokeStaticInit(java.lang.Object, java.lang.Object, java.lang.Object)'> (0x00000000d602ade0) 
thrown [s\src\hotspot\share\interpreter\linkResolver.cpp, line 773]
Event: 14.411 Thread 0x000001b1a6e8d430 Exception <a 'java/lang/NoSuchMethodError'{0x00000000d611f0c0}: 'void java.lang.invoke.DirectMethodHandle$Holder.invokeSpecial(java.lang.Object, java.lang.Object, java.lang.Object, java.lang.Object, java.lang.Object, java.lang.Object)'> (0x00000000d611f0c0) 
thrown [s\src\hotspot\share\interpreter\linkResolver.cpp, line 773]
Event: 14.412 Thread 0x000001b1a6e8d430 Exception <a 'java/lang/IncompatibleClassChangeError'{0x00000000d6126b10}: Found class java.lang.Object, but interface was expected> (0x00000000d6126b10) 
thrown [s\src\hotspot\share\interpreter\linkResolver.cpp, line 840]
Event: 14.414 Thread 0x000001b1a6e8d430 Exception <a 'java/lang/IncompatibleClassChangeError'{0x00000000d61288c0}: Found class java.lang.Object, but interface was expected> (0x00000000d61288c0) 
thrown [s\src\hotspot\share\interpreter\linkResolver.cpp, line 840]

ZGC Phase Switch (0 events):
No events

VM Operations (20 events):
Event: 12.900 Executing non-safepoint VM operation: HandshakeAllThreads (Deoptimize)
Event: 12.900 Executing non-safepoint VM operation: HandshakeAllThreads (Deoptimize) done
Event: 13.118 Executing safepoint VM operation: ParallelGCFailedAllocation (Allocation Failure)
Event: 13.123 Executing safepoint VM operation: ParallelGCFailedAllocation (Allocation Failure) done
Event: 13.366 Executing safepoint VM operation: ParallelGCFailedAllocation (Allocation Failure)
Event: 13.369 Executing safepoint VM operation: ParallelGCFailedAllocation (Allocation Failure) done
Event: 13.394 Executing safepoint VM operation: CollectForMetadataAllocation (Metadata GC Threshold)
Event: 13.416 Executing safepoint VM operation: CollectForMetadataAllocation (Metadata GC Threshold) done
Event: 13.762 Executing safepoint VM operation: ParallelGCFailedAllocation (Allocation Failure)
Event: 13.764 Executing safepoint VM operation: ParallelGCFailedAllocation (Allocation Failure) done
Event: 13.804 Executing non-safepoint VM operation: HandshakeAllThreads (Deoptimize)
Event: 13.804 Executing non-safepoint VM operation: HandshakeAllThreads (Deoptimize) done
Event: 13.850 Executing non-safepoint VM operation: HandshakeAllThreads (Deoptimize)
Event: 13.850 Executing non-safepoint VM operation: HandshakeAllThreads (Deoptimize) done
Event: 13.857 Executing non-safepoint VM operation: HandshakeAllThreads (Deoptimize)
Event: 13.857 Executing non-safepoint VM operation: HandshakeAllThreads (Deoptimize) done
Event: 13.964 Executing non-safepoint VM operation: HandshakeAllThreads (Deoptimize)
Event: 13.964 Executing non-safepoint VM operation: HandshakeAllThreads (Deoptimize) done
Event: 14.230 Executing safepoint VM operation: ParallelGCFailedAllocation (Allocation Failure)
Event: 14.234 Executing safepoint VM operation: ParallelGCFailedAllocation (Allocation Failure) done

Memory protections (0 events):
No events

Nmethod flushes (0 events):
No events

Events (20 events):
Event: 13.836 Thread 0x000001b207a19ca0 Thread exited: 0x000001b207a19ca0
Event: 14.131 Thread 0x000001b1a6e8d430 Thread added: 0x000001b207a1a9c0
Event: 14.131 Thread 0x000001b1a6e8d430 Thread added: 0x000001b207a1c400
Event: 14.132 Thread 0x000001b1a6e8d430 Thread added: 0x000001b207a19610
Event: 14.132 Thread 0x000001b1a6e8d430 Thread added: 0x000001b207a1b050
Event: 14.132 Thread 0x000001b1a6e8d430 Thread added: 0x000001b207a19ca0
Event: 14.132 Thread 0x000001b1a6e8d430 Thread added: 0x000001b207a1a330
Event: 14.132 Thread 0x000001b1a6e8d430 Thread added: 0x000001b207a1b6e0
Event: 14.133 Thread 0x000001b1a6e8d430 Thread added: 0x000001b207a1bd70
Event: 14.133 Thread 0x000001b1a6e8d430 Thread added: 0x000001b209366f60
Event: 14.134 Thread 0x000001b1a6e8d430 Thread added: 0x000001b209364800
Event: 14.134 Thread 0x000001b1a6e8d430 Thread added: 0x000001b209368310
Event: 14.134 Thread 0x000001b1a6e8d430 Thread added: 0x000001b209366240
Event: 14.134 Thread 0x000001b1a6e8d430 Thread added: 0x000001b2093668d0
Event: 14.171 Thread 0x000001b1a6e8d430 Thread added: 0x000001b2093675f0
Event: 14.364 Thread 0x000001b207e3dea0 Thread exited: 0x000001b207e3dea0
Event: 14.364 Thread 0x000001b207a1ca90 Thread added: 0x000001b209367c80
Event: 14.396 Thread 0x000001b207a1ca90 Thread added: 0x000001b209364e90
Event: 14.434 Thread 0x000001b1a6e8d430 Thread added: 0x000001b209365520
Event: 14.434 Thread 0x000001b1a6e8d430 Thread added: 0x000001b209369030


Dynamic libraries:
0x00007ff690410000 - 0x00007ff69041e000 	c:\Users\tanis\.vscode\extensions\redhat.java-1.53.0-win32-x64\jre\21.0.10-win32-x86_64\bin\java.exe
0x00007ff831fc0000 - 0x00007ff832228000 	C:\windows\SYSTEM32\ntdll.dll
0x00007ff8302d0000 - 0x00007ff830399000 	C:\windows\System32\KERNEL32.DLL
0x00007ff82f960000 - 0x00007ff82fd51000 	C:\windows\System32\KERNELBASE.dll
0x00007ff82f810000 - 0x00007ff82f95b000 	C:\windows\System32\ucrtbase.dll
0x00007fffd0a50000 - 0x00007fffd0a68000 	c:\Users\tanis\.vscode\extensions\redhat.java-1.53.0-win32-x64\jre\21.0.10-win32-x86_64\bin\jli.dll
0x00007ff830f00000 - 0x00007ff8310c6000 	C:\windows\System32\USER32.dll
0x00007fffbc120000 - 0x00007fffbc13e000 	c:\Users\tanis\.vscode\extensions\redhat.java-1.53.0-win32-x64\jre\21.0.10-win32-x86_64\bin\VCRUNTIME140.dll
0x00007ff808890000 - 0x00007ff808b23000 	C:\windows\WinSxS\amd64_microsoft.windows.common-controls_6595b64144ccf1df_6.0.26100.7824_none_3e0870b2e3345462\COMCTL32.dll
0x00007ff82f3b0000 - 0x00007ff82f3d7000 	C:\windows\System32\win32u.dll
0x00007ff830620000 - 0x00007ff8306c9000 	C:\windows\System32\msvcrt.dll
0x00007ff8318a0000 - 0x00007ff8318cb000 	C:\windows\System32\GDI32.dll
0x00007ff82e960000 - 0x00007ff82ea8b000 	C:\windows\System32\gdi32full.dll
0x00007ff82f760000 - 0x00007ff82f803000 	C:\windows\System32\msvcp_win.dll
0x00007ff8318d0000 - 0x00007ff831901000 	C:\windows\System32\IMM32.DLL
0x00007ff811c30000 - 0x00007ff811c3c000 	c:\Users\tanis\.vscode\extensions\redhat.java-1.53.0-win32-x64\jre\21.0.10-win32-x86_64\bin\vcruntime140_1.dll
0x00007fffafbb0000 - 0x00007fffafc3d000 	c:\Users\tanis\.vscode\extensions\redhat.java-1.53.0-win32-x64\jre\21.0.10-win32-x86_64\bin\msvcp140.dll
0x00007fff79130000 - 0x00007fff79ed1000 	c:\Users\tanis\.vscode\extensions\redhat.java-1.53.0-win32-x64\jre\21.0.10-win32-x86_64\bin\server\jvm.dll
0x00007ff82ff40000 - 0x00007ff82fff4000 	C:\windows\System32\ADVAPI32.dll
0x00007ff8307e0000 - 0x00007ff830886000 	C:\windows\System32\sechost.dll
0x00007ff830de0000 - 0x00007ff830ef8000 	C:\windows\System32\RPCRT4.dll
0x00007ff830760000 - 0x00007ff8307d4000 	C:\windows\System32\WS2_32.dll
0x00007ff8256f0000 - 0x00007ff825725000 	C:\windows\SYSTEM32\WINMM.dll
0x00007ff822300000 - 0x00007ff82230b000 	C:\windows\SYSTEM32\VERSION.dll
0x00007ff82e700000 - 0x00007ff82e75e000 	C:\windows\SYSTEM32\POWRPROF.dll
0x00007ff82e6e0000 - 0x00007ff82e6f4000 	C:\windows\SYSTEM32\UMPDC.dll
0x00007ff82d620000 - 0x00007ff82d63b000 	C:\windows\SYSTEM32\kernel.appcore.dll
0x00007ff811b90000 - 0x00007ff811b9a000 	c:\Users\tanis\.vscode\extensions\redhat.java-1.53.0-win32-x64\jre\21.0.10-win32-x86_64\bin\jimage.dll
0x00007ff82c7d0000 - 0x00007ff82ca12000 	C:\windows\SYSTEM32\DBGHELP.DLL
0x00007ff830a50000 - 0x00007ff830dd6000 	C:\windows\System32\combase.dll
0x00007ff830890000 - 0x00007ff830967000 	C:\windows\System32\OLEAUT32.dll
0x00007ff805880000 - 0x00007ff8058bb000 	C:\windows\SYSTEM32\dbgcore.DLL
0x00007ff82f300000 - 0x00007ff82f3a5000 	C:\windows\System32\bcryptPrimitives.dll
0x00007ff811b60000 - 0x00007ff811b6f000 	c:\Users\tanis\.vscode\extensions\redhat.java-1.53.0-win32-x64\jre\21.0.10-win32-x86_64\bin\instrument.dll
0x00007fffbc100000 - 0x00007fffbc120000 	c:\Users\tanis\.vscode\extensions\redhat.java-1.53.0-win32-x64\jre\21.0.10-win32-x86_64\bin\java.dll
0x00007ff831140000 - 0x00007ff831892000 	C:\windows\System32\SHELL32.dll
0x00007ff82f3e0000 - 0x00007ff82f54a000 	C:\windows\System32\wintypes.dll
0x00007ff82ea90000 - 0x00007ff82f2f3000 	C:\windows\System32\windows.storage.dll
0x00007ff82fde0000 - 0x00007ff82fed6000 	C:\windows\System32\SHCORE.dll
0x00007ff8310d0000 - 0x00007ff831137000 	C:\windows\System32\shlwapi.dll
0x00007ff82e7c0000 - 0x00007ff82e7e9000 	C:\windows\SYSTEM32\profapi.dll
0x00007fffbbcb0000 - 0x00007fffbbcc8000 	c:\Users\tanis\.vscode\extensions\redhat.java-1.53.0-win32-x64\jre\21.0.10-win32-x86_64\bin\zip.dll
0x00007ff80a9d0000 - 0x00007ff80a9e0000 	C:\Users\tanis\.vscode\extensions\redhat.java-1.53.0-win32-x64\jre\21.0.10-win32-x86_64\bin\net.dll
0x00007ff823bd0000 - 0x00007ff823cf7000 	C:\windows\SYSTEM32\WINHTTP.dll
0x00007ff82dbb0000 - 0x00007ff82dc1b000 	C:\windows\system32\mswsock.dll
0x00007fffbba20000 - 0x00007fffbba36000 	C:\Users\tanis\.vscode\extensions\redhat.java-1.53.0-win32-x64\jre\21.0.10-win32-x86_64\bin\nio.dll
0x00007ff80a980000 - 0x00007ff80a990000 	c:\Users\tanis\.vscode\extensions\redhat.java-1.53.0-win32-x64\jre\21.0.10-win32-x86_64\bin\verify.dll
0x00007fffb42e0000 - 0x00007fffb4325000 	C:\Users\tanis\AppData\Roaming\Code\User\globalStorage\redhat.java\1.53.0\config_ss_win\org.eclipse.equinox.launcher\org.eclipse.equinox.launcher.win32.win32.x86_64_1.3.0.v20260203-2149\eclipse_11919.dll
0x00007ff830030000 - 0x00007ff8301c7000 	C:\windows\System32\ole32.dll
0x00007ff82de80000 - 0x00007ff82de9b000 	C:\windows\SYSTEM32\CRYPTSP.dll
0x00007ff82d580000 - 0x00007ff82d5b9000 	C:\windows\system32\rsaenh.dll
0x00007ff82dc60000 - 0x00007ff82dc8b000 	C:\windows\SYSTEM32\USERENV.dll
0x00007ff82e790000 - 0x00007ff82e7ba000 	C:\windows\SYSTEM32\bcrypt.dll
0x00007ff82dea0000 - 0x00007ff82deac000 	C:\windows\SYSTEM32\CRYPTBASE.dll
0x00007ff82d010000 - 0x00007ff82d044000 	C:\windows\SYSTEM32\IPHLPAPI.DLL
0x00007ff82fee0000 - 0x00007ff82feea000 	C:\windows\System32\NSI.dll
0x00007fffab8f0000 - 0x00007fffab939000 	C:\Users\tanis\AppData\Local\Temp\jna-110127243\jna9384403243048984138.dll
0x00007ff830610000 - 0x00007ff830618000 	C:\windows\System32\PSAPI.DLL
0x00007ff825d50000 - 0x00007ff825d6e000 	C:\windows\SYSTEM32\dhcpcsvc6.DLL
0x00007ff825d00000 - 0x00007ff825d23000 	C:\windows\SYSTEM32\dhcpcsvc.DLL

JVMTI agents:
c:\Users\tanis\.vscode\extensions\redhat.java-1.53.0-win32-x64\lombok\lombok-1.18.39-4050.jar path:c:\Users\tanis\.vscode\extensions\redhat.java-1.53.0-win32-x64\jre\21.0.10-win32-x86_64\bin\instrument.dll, loaded, initialized, instrumentlib options:none

dbghelp: loaded successfully - version: 4.0.5 - missing functions: none
symbol engine: initialized successfully - sym options: 0x614 - pdb path: .;c:\Users\tanis\.vscode\extensions\redhat.java-1.53.0-win32-x64\jre\21.0.10-win32-x86_64\bin;C:\windows\SYSTEM32;C:\windows\WinSxS\amd64_microsoft.windows.common-controls_6595b64144ccf1df_6.0.26100.7824_none_3e0870b2e3345462;c:\Users\tanis\.vscode\extensions\redhat.java-1.53.0-win32-x64\jre\21.0.10-win32-x86_64\bin\server;C:\Users\tanis\AppData\Roaming\Code\User\globalStorage\redhat.java\1.53.0\config_ss_win\org.eclipse.equinox.launcher\org.eclipse.equinox.launcher.win32.win32.x86_64_1.3.0.v20260203-2149;C:\Users\tanis\AppData\Local\Temp\jna-110127243

VM Arguments:
jvm_args: --add-modules=ALL-SYSTEM --add-opens=java.base/java.util=ALL-UNNAMED --add-opens=java.base/java.lang=ALL-UNNAMED --add-opens=java.base/sun.nio.fs=ALL-UNNAMED -Declipse.application=org.eclipse.jdt.ls.core.id1 -Dosgi.bundles.defaultStartLevel=4 -Declipse.product=org.eclipse.jdt.ls.core.product -Djava.import.generatesMetadataFilesAtProjectRoot=false -DDetectVMInstallationsJob.disabled=true -Dfile.encoding=utf8 -XX:+UseParallelGC -XX:GCTimeRatio=4 -XX:AdaptiveSizePolicyWeight=90 -Dsun.zip.disableMemoryMapping=true -Xmx2G -Xms100m -Xlog:disable -javaagent:c:\Users\tanis\.vscode\extensions\redhat.java-1.53.0-win32-x64\lombok\lombok-1.18.39-4050.jar 
java_command: c:\Users\tanis\.vscode\extensions\redhat.java-1.53.0-win32-x64\server\plugins\org.eclipse.equinox.launcher_1.7.100.v20251111-0406.jar -configuration c:\Users\tanis\AppData\Roaming\Code\User\globalStorage\redhat.java\1.53.0\config_ss_win -data c:\Users\tanis\AppData\Roaming\Code\User\workspaceStorage\2d1ba6deccd1d1252f14a33c3abd44eb\redhat.java\ss_ws --pipe=\\.\pipe\lsp-a404a0a672a6d08c1a7ed1b42ae738cb-sock
java_class_path (initial): c:\Users\tanis\.vscode\extensions\redhat.java-1.53.0-win32-x64\server\plugins\org.eclipse.equinox.launcher_1.7.100.v20251111-0406.jar
Launcher Type: SUN_STANDARD

[Global flags]
    uintx AdaptiveSizePolicyWeight                 = 90                                        {product} {command line}
     intx CICompilerCount                          = 4                                         {product} {ergonomic}
    uintx GCTimeRatio                              = 4                                         {product} {command line}
   size_t InitialHeapSize                          = 104857600                                 {product} {command line}
   size_t MaxHeapSize                              = 2147483648                                {product} {command line}
   size_t MaxNewSize                               = 715653120                                 {product} {ergonomic}
   size_t MinHeapDeltaBytes                        = 524288                                    {product} {ergonomic}
   size_t MinHeapSize                              = 104857600                                 {product} {command line}
   size_t NewSize                                  = 34603008                                  {product} {ergonomic}
    uintx NonNMethodCodeHeapSize                   = 5839372                                {pd product} {ergonomic}
    uintx NonProfiledCodeHeapSize                  = 122909434                              {pd product} {ergonomic}
   size_t OldSize                                  = 70254592                                  {product} {ergonomic}
    uintx ProfiledCodeHeapSize                     = 122909434                              {pd product} {ergonomic}
    uintx ReservedCodeCacheSize                    = 251658240                              {pd product} {ergonomic}
     bool SegmentedCodeCache                       = true                                      {product} {ergonomic}
   size_t SoftMaxHeapSize                          = 2147483648                             {manageable} {ergonomic}
     bool UseCompressedOops                        = true                           {product lp64_product} {ergonomic}
     bool UseLargePagesIndividualAllocation        = false                                  {pd product} {ergonomic}
     bool UseParallelGC                            = true                                      {product} {command line}

Logging:
Log output configuration:
 #0: stdout all=off uptime,level,tags foldmultilines=false
 #1: stderr all=off uptime,level,tags foldmultilines=false

Release file:
JAVA_VERSION="21.0.10" 
MODULES="java.base java.compiler java.datatransfer java.xml java.prefs java.desktop java.instrument java.logging java.management java.security.sasl java.naming java.rmi java.management.rmi java.net.http java.scripting java.security.jgss java.transaction.xa java.sql java.sql.rowset java.xml.crypto java.se java.smartcardio jdk.accessibility jdk.internal.jvmstat jdk.attach jdk.charsets jdk.internal.opt jdk.zipfs jdk.compiler jdk.crypto.ec jdk.crypto.cryptoki jdk.crypto.mscapi jdk.dynalink jdk.internal.ed jdk.editpad jdk.hotspot.agent jdk.httpserver jdk.internal.le jdk.internal.vm.ci jdk.internal.vm.compiler jdk.internal.vm.compiler.management jdk.jartool jdk.javadoc jdk.jcmd jdk.management jdk.management.agent jdk.jconsole jdk.jdeps jdk.jdwp.agent jdk.jdi jdk.jfr jdk.jshell jdk.jsobject jdk.jstatd jdk.localedata jdk.management.jfr jdk.naming.dns jdk.naming.rmi jdk.net jdk.nio.mapmode jdk.random jdk.sctp jdk.security.auth jdk.security.jgss jdk.unsupported jdk.unsupported.desktop jdk.xml.dom" 

Environment Variables:
PATH=C:\Users\tanis\AppData\Local\Programs\Microsoft VS Code;C:\Program Files\Common Files\Oracle\Java\javapath;C:\windows\system32;C:\windows;C:\windows\System32\Wbem;C:\windows\System32\WindowsPowerShell\v1.0\;C:\windows\System32\OpenSSH\;C:\Program Files\HP\HP One Agent;C:\Program Files\nodejs\;C:\Program Files\Git\cmd;C:\Program Files\MongoDB\Server\8.2\bin;;C:\Program Files\MySQL\MySQL Server 8.0\bin;C:\Users\tanis\AppData\Local\Programs\Python\Python311\Scripts\;C:\Users\tanis\AppData\Local\Programs\Python\Python311\;C:\Users\tanis\AppData\Local\Programs\Python\Python310\Scripts\;C:\Users\tanis\AppData\Local\Programs\Python\Python310\;C:\Users\tanis\AppData\Local\Programs\Python\Launcher\;C:\Users\tanis\AppData\Local\Microsoft\WindowsApps;C:\Users\tanis\AppData\Roaming\npm;C:\Users\tanis\AppData\Local\Programs\Microsoft VS Code\bin;C:\Program Files\MySQL;
USERNAME=tanis
OS=Windows_NT
PROCESSOR_IDENTIFIER=Intel64 Family 6 Model 186 Stepping 3, GenuineIntel
TMP=C:\Users\tanis\AppData\Local\Temp
TEMP=C:\Users\tanis\AppData\Local\Temp




Periodic native trim disabled

---------------  S Y S T E M  ---------------

OS:
 Windows 11 , 64 bit Build 26100 (10.0.26100.7705)
OS uptime: 2 days 14:40 hours
Hyper-V role detected

CPU: total 12 (initial active 12) (6 cores per cpu, 2 threads per core) family 6 model 186 stepping 3 microcode 0x4123, cx8, cmov, fxsr, ht, mmx, 3dnowpref, sse, sse2, sse3, ssse3, sse4.1, sse4.2, popcnt, lzcnt, tsc, tscinvbit, avx, avx2, aes, erms, clmul, bmi1, bmi2, adx, sha, fma, vzeroupper, clflush, clflushopt, clwb, hv, serialize, rdtscp, rdpid, fsrm, f16c, cet_ibt, cet_ss
Processor Information for processor 0
  Max Mhz: 1300, Current Mhz: 1300, Mhz Limit: 1300
Processor Information for processor 1
  Max Mhz: 1300, Current Mhz: 1300, Mhz Limit: 1300
Processor Information for processor 2
  Max Mhz: 1300, Current Mhz: 1300, Mhz Limit: 1300
Processor Information for processor 3
  Max Mhz: 1300, Current Mhz: 1300, Mhz Limit: 1300
Processor Information for processor 4
  Max Mhz: 1300, Current Mhz: 900, Mhz Limit: 897
Processor Information for processor 5
  Max Mhz: 1300, Current Mhz: 900, Mhz Limit: 897
Processor Information for processor 6
  Max Mhz: 1300, Current Mhz: 900, Mhz Limit: 897
Processor Information for processor 7
  Max Mhz: 1300, Current Mhz: 900, Mhz Limit: 897
Processor Information for processor 8
  Max Mhz: 1300, Current Mhz: 900, Mhz Limit: 897
Processor Information for processor 9
  Max Mhz: 1300, Current Mhz: 900, Mhz Limit: 897
Processor Information for processor 10
  Max Mhz: 1300, Current Mhz: 900, Mhz Limit: 897
Processor Information for processor 11
  Max Mhz: 1300, Current Mhz: 900, Mhz Limit: 897

Memory: 4k page, system-wide physical 16027M (1914M free)
TotalPageFile size 18349M (AvailPageFile size 0M)
current process WorkingSet (physical memory assigned to process): 165M, peak: 165M
current process commit charge ("private bytes"): 303M, peak: 303M

vm_info: OpenJDK 64-Bit Server VM (21.0.10+7-LTS) for windows-amd64 JRE (21.0.10+7-LTS), built on 2026-01-20T00:00:00Z by "admin" with MS VC++ 17.12 (VS2022)

END.
